
Allocating common symbols
Common symbol       size              file

errno               0x4               ./system/src/newlib/_syscalls.o
pFlash              0x20              ./system/src/stm32f4-hal/stm32f4xx_hal_flash.o

Discarded input sections

 .text          0x0000000000000000        0x0 ./system/src/stm32f4-hal/stm32f4xx_hal.o
 .data          0x0000000000000000        0x0 ./system/src/stm32f4-hal/stm32f4xx_hal.o
 .bss           0x0000000000000000        0x0 ./system/src/stm32f4-hal/stm32f4xx_hal.o
 .text.HAL_MspInit
                0x0000000000000000        0x2 ./system/src/stm32f4-hal/stm32f4xx_hal.o
 .text.HAL_MspDeInit
                0x0000000000000000        0x2 ./system/src/stm32f4-hal/stm32f4xx_hal.o
 .text.HAL_DeInit
                0x0000000000000000       0x2c ./system/src/stm32f4-hal/stm32f4xx_hal.o
 .text.HAL_IncTick
                0x0000000000000000       0x10 ./system/src/stm32f4-hal/stm32f4xx_hal.o
 .text.HAL_Delay
                0x0000000000000000       0x1a ./system/src/stm32f4-hal/stm32f4xx_hal.o
 .text.HAL_ResumeTick
                0x0000000000000000       0x10 ./system/src/stm32f4-hal/stm32f4xx_hal.o
 .text.HAL_GetHalVersion
                0x0000000000000000        0x6 ./system/src/stm32f4-hal/stm32f4xx_hal.o
 .text.HAL_GetREVID
                0x0000000000000000        0xc ./system/src/stm32f4-hal/stm32f4xx_hal.o
 .text.HAL_GetDEVID
                0x0000000000000000       0x10 ./system/src/stm32f4-hal/stm32f4xx_hal.o
 .text.HAL_DBGMCU_EnableDBGSleepMode
                0x0000000000000000       0x10 ./system/src/stm32f4-hal/stm32f4xx_hal.o
 .text.HAL_DBGMCU_DisableDBGSleepMode
                0x0000000000000000       0x10 ./system/src/stm32f4-hal/stm32f4xx_hal.o
 .text.HAL_DBGMCU_EnableDBGStopMode
                0x0000000000000000       0x10 ./system/src/stm32f4-hal/stm32f4xx_hal.o
 .text.HAL_DBGMCU_DisableDBGStopMode
                0x0000000000000000       0x10 ./system/src/stm32f4-hal/stm32f4xx_hal.o
 .text.HAL_DBGMCU_EnableDBGStandbyMode
                0x0000000000000000       0x10 ./system/src/stm32f4-hal/stm32f4xx_hal.o
 .text.HAL_DBGMCU_DisableDBGStandbyMode
                0x0000000000000000       0x10 ./system/src/stm32f4-hal/stm32f4xx_hal.o
 .text.HAL_EnableCompensationCell
                0x0000000000000000       0x18 ./system/src/stm32f4-hal/stm32f4xx_hal.o
 .text.HAL_DisableCompensationCell
                0x0000000000000000       0x1c ./system/src/stm32f4-hal/stm32f4xx_hal.o
 .text          0x0000000000000000        0x0 ./system/src/stm32f4-hal/stm32f4xx_hal_adc.o
 .data          0x0000000000000000        0x0 ./system/src/stm32f4-hal/stm32f4xx_hal_adc.o
 .bss           0x0000000000000000        0x0 ./system/src/stm32f4-hal/stm32f4xx_hal_adc.o
 .text.HAL_ADC_MspInit
                0x0000000000000000        0x2 ./system/src/stm32f4-hal/stm32f4xx_hal_adc.o
 .text.HAL_ADC_Init
                0x0000000000000000      0x108 ./system/src/stm32f4-hal/stm32f4xx_hal_adc.o
 .text.HAL_ADC_MspDeInit
                0x0000000000000000        0x2 ./system/src/stm32f4-hal/stm32f4xx_hal_adc.o
 .text.HAL_ADC_DeInit
                0x0000000000000000       0x1e ./system/src/stm32f4-hal/stm32f4xx_hal_adc.o
 .text.HAL_ADC_Start
                0x0000000000000000       0x70 ./system/src/stm32f4-hal/stm32f4xx_hal_adc.o
 .text.HAL_ADC_Stop
                0x0000000000000000       0x14 ./system/src/stm32f4-hal/stm32f4xx_hal_adc.o
 .text.HAL_ADC_PollForConversion
                0x0000000000000000       0x48 ./system/src/stm32f4-hal/stm32f4xx_hal_adc.o
 .text.HAL_ADC_PollForEvent
                0x0000000000000000       0x58 ./system/src/stm32f4-hal/stm32f4xx_hal_adc.o
 .text.HAL_ADC_Start_IT
                0x0000000000000000       0x84 ./system/src/stm32f4-hal/stm32f4xx_hal_adc.o
 .text.HAL_ADC_Stop_IT
                0x0000000000000000       0x24 ./system/src/stm32f4-hal/stm32f4xx_hal_adc.o
 .text.HAL_ADC_Start_DMA
                0x0000000000000000       0x8c ./system/src/stm32f4-hal/stm32f4xx_hal_adc.o
 .text.HAL_ADC_Stop_DMA
                0x0000000000000000       0x2e ./system/src/stm32f4-hal/stm32f4xx_hal_adc.o
 .text.HAL_ADC_GetValue
                0x0000000000000000        0x6 ./system/src/stm32f4-hal/stm32f4xx_hal_adc.o
 .text.HAL_ADC_ConvCpltCallback
                0x0000000000000000        0x2 ./system/src/stm32f4-hal/stm32f4xx_hal_adc.o
 .text.ADC_DMAConvCplt
                0x0000000000000000       0x1a ./system/src/stm32f4-hal/stm32f4xx_hal_adc.o
 .text.HAL_ADC_ConvHalfCpltCallback
                0x0000000000000000        0x2 ./system/src/stm32f4-hal/stm32f4xx_hal_adc.o
 .text.ADC_DMAHalfConvCplt
                0x0000000000000000        0xa ./system/src/stm32f4-hal/stm32f4xx_hal_adc.o
 .text.HAL_ADC_LevelOutOfWindowCallback
                0x0000000000000000        0x2 ./system/src/stm32f4-hal/stm32f4xx_hal_adc.o
 .text.HAL_ADC_ErrorCallback
                0x0000000000000000        0x2 ./system/src/stm32f4-hal/stm32f4xx_hal_adc.o
 .text.HAL_ADC_IRQHandler
[...]
Memory Configuration

Name             Origin             Length             Attributes
RAM              0x0000000020000000 0x0000000000020000 xrw
CCMRAM           0x0000000010000000 0x0000000000010000 xrw
FLASH            0x0000000008000000 0x0000000000100000 xr
FLASHB1          0x0000000000000000 0x0000000000000000 xr
EXTMEMB0         0x0000000000000000 0x0000000000000000 xr
EXTMEMB1         0x0000000000000000 0x0000000000000000 xr
EXTMEMB2         0x0000000000000000 0x0000000000000000 xr
EXTMEMB3         0x0000000000000000 0x0000000000000000 xr
MEMORY_ARRAY     0x0000000020002000 0x0000000000000020 xrw
*default*        0x0000000000000000 0xffffffffffffffff

Linker script and memory map

LOAD ./system/src/stm32f4-hal/stm32f4xx_hal.o
LOAD ./system/src/stm32f4-hal/stm32f4xx_hal_adc.o
LOAD ./system/src/stm32f4-hal/stm32f4xx_hal_adc_ex.o
LOAD ./system/src/stm32f4-hal/stm32f4xx_hal_can.o
LOAD ./system/src/stm32f4-hal/stm32f4xx_hal_cortex.o
LOAD ./system/src/stm32f4-hal/stm32f4xx_hal_crc.o
LOAD ./system/src/stm32f4-hal/stm32f4xx_hal_cryp.o
LOAD ./system/src/stm32f4-hal/stm32f4xx_hal_cryp_ex.o
LOAD ./system/src/stm32f4-hal/stm32f4xx_hal_dac.o
LOAD ./system/src/stm32f4-hal/stm32f4xx_hal_dac_ex.o
LOAD ./system/src/stm32f4-hal/stm32f4xx_hal_dcmi.o
LOAD ./system/src/stm32f4-hal/stm32f4xx_hal_dma.o
LOAD ./system/src/stm32f4-hal/stm32f4xx_hal_dma2d.o
LOAD ./system/src/stm32f4-hal/stm32f4xx_hal_dma_ex.o
LOAD ./system/src/stm32f4-hal/stm32f4xx_hal_eth.o
LOAD ./system/src/stm32f4-hal/stm32f4xx_hal_flash.o
LOAD ./system/src/stm32f4-hal/stm32f4xx_hal_flash_ex.o
LOAD ./system/src/stm32f4-hal/stm32f4xx_hal_flash_ramfunc.o
LOAD ./system/src/stm32f4-hal/stm32f4xx_hal_gpio.o
LOAD ./system/src/stm32f4-hal/stm32f4xx_hal_hash.o
LOAD ./system/src/stm32f4-hal/stm32f4xx_hal_hash_ex.o
LOAD ./system/src/stm32f4-hal/stm32f4xx_hal_hcd.o
LOAD ./system/src/stm32f4-hal/stm32f4xx_hal_i2c.o
LOAD ./system/src/stm32f4-hal/stm32f4xx_hal_i2c_ex.o
LOAD ./system/src/stm32f4-hal/stm32f4xx_hal_i2s.o
LOAD ./system/src/stm32f4-hal/stm32f4xx_hal_i2s_ex.o
LOAD ./system/src/stm32f4-hal/stm32f4xx_hal_irda.o
LOAD ./system/src/stm32f4-hal/stm32f4xx_hal_iwdg.o
LOAD ./system/src/stm32f4-hal/stm32f4xx_hal_ltdc.o
LOAD ./system/src/stm32f4-hal/stm32f4xx_hal_msp_template.o
LOAD ./system/src/stm32f4-hal/stm32f4xx_hal_nand.o
LOAD ./system/src/stm32f4-hal/stm32f4xx_hal_nor.o
LOAD ./system/src/stm32f4-hal/stm32f4xx_hal_pccard.o
LOAD ./system/src/stm32f4-hal/stm32f4xx_hal_pcd.o
LOAD ./system/src/stm32f4-hal/stm32f4xx_hal_pcd_ex.o
LOAD ./system/src/stm32f4-hal/stm32f4xx_hal_pwr.o
LOAD ./system/src/stm32f4-hal/stm32f4xx_hal_pwr_ex.o
LOAD ./system/src/stm32f4-hal/stm32f4xx_hal_rcc.o
LOAD ./system/src/stm32f4-hal/stm32f4xx_hal_rcc_ex.o
LOAD ./system/src/stm32f4-hal/stm32f4xx_hal_rng.o
LOAD ./system/src/stm32f4-hal/stm32f4xx_hal_rtc.o
LOAD ./system/src/stm32f4-hal/stm32f4xx_hal_rtc_ex.o
LOAD ./system/src/stm32f4-hal/stm32f4xx_hal_sai.o
LOAD ./system/src/stm32f4-hal/stm32f4xx_hal_sd.o
LOAD ./system/src/stm32f4-hal/stm32f4xx_hal_sdram.o
LOAD ./system/src/stm32f4-hal/stm32f4xx_hal_smartcard.o
LOAD ./system/src/stm32f4-hal/stm32f4xx_hal_spi.o
LOAD ./system/src/stm32f4-hal/stm32f4xx_hal_sram.o
LOAD ./system/src/stm32f4-hal/stm32f4xx_hal_tim.o
LOAD ./system/src/stm32f4-hal/stm32f4xx_hal_tim_ex.o
LOAD ./system/src/stm32f4-hal/stm32f4xx_hal_uart.o
LOAD ./system/src/stm32f4-hal/stm32f4xx_hal_usart.o
LOAD ./system/src/stm32f4-hal/stm32f4xx_hal_wwdg.o
LOAD ./system/src/stm32f4-hal/stm32f4xx_ll_fmc.o
LOAD ./system/src/stm32f4-hal/stm32f4xx_ll_fsmc.o
LOAD ./system/src/stm32f4-hal/stm32f4xx_ll_sdmmc.o
LOAD ./system/src/stm32f4-hal/stm32f4xx_ll_usb.o
LOAD ./system/src/newlib/_cxx.o
LOAD ./system/src/newlib/_exit.o
LOAD ./system/src/newlib/_sbrk.o
LOAD ./system/src/newlib/_startup.o
LOAD ./system/src/newlib/_syscalls.o
LOAD ./system/src/newlib/assert.o
LOAD ./system/src/diag/Trace.o
LOAD ./system/src/diag/trace_impl.o
LOAD ./system/src/cortexm/_initialize_hardware.o
LOAD ./system/src/cortexm/_reset_hardware.o
LOAD ./system/src/cortexm/exception_handlers.o
LOAD ./system/src/cmsis/system_stm32f4xx.o
LOAD ./system/src/cmsis/vectors_stm32f4xx.o
LOAD ./src/Buffer.o
LOAD ./src/Gpio.o
LOAD ./src/HC-06.o
LOAD ./src/RollingBuffer.o
LOAD ./src/Seconde.o
LOAD ./src/Uart.o
LOAD ./src/Usart.o
LOAD ./src/_initialize_hardware.o
LOAD ./src/_write.o
LOAD ./src/interrupt.o
LOAD ./src/main.o
LOAD ./src/timer.o
                0x0000000020020000                __stack = (ORIGIN (RAM) + 0x20000)
                0x0000000020020000                _estack = __stack
                0x0000000000000400                __Main_Stack_Size = 0x400
                0x0000000000000400                PROVIDE (_Main_Stack_Size, __Main_Stack_Size)
                0x000000002001fc00                __Main_Stack_Limit = (__stack - __Main_Stack_Size)
                0x000000002001fc00                PROVIDE (_Main_Stack_Limit, __Main_Stack_Limit)
                0x0000000000000100                _Minimum_Stack_Size = 0x100
                0x0000000020000130                PROVIDE (_Heap_Begin, _end_noinit)
                0x000000002001fc00                PROVIDE (_Heap_Limit, (__stack - __Main_Stack_Size))

.isr_vector     0x0000000008000000      0x2ea
 FILL mask 0xff
                0x0000000008000000                __vectors_start__ = ABSOLUTE (.)
 *(.isr_vector)
 .isr_vector    0x0000000008000000      0x188 ./system/src/cmsis/vectors_stm32f4xx.o
                0x0000000008000000                __isr_vectors
 *(.cfmconfig)
 *(.after_vectors .after_vectors.*)
 .after_vectors
                0x0000000008000188       0xd4 ./system/src/newlib/_startup.o
                0x0000000008000188                _start
 .after_vectors
                0x000000000800025c       0x8c ./system/src/cortexm/exception_handlers.o
                0x000000000800025c                Reset_Handler
                0x0000000008000260                NMI_Handler
                0x0000000008000262                HardFault_Handler
                0x0000000008000276                HardFault_Handler_C
                0x00000000080002a0                MemManage_Handler
                0x00000000080002a2                BusFault_Handler
                0x00000000080002b6                BusFault_Handler_C
                0x00000000080002b8                UsageFault_Handler
                0x00000000080002cc                UsageFault_Handler_C
                0x00000000080002ce                SVC_Handler
                0x00000000080002d0                DebugMon_Handler
                0x00000000080002d2                PendSV_Handler
 .after_vectors
                0x00000000080002e8        0x2 ./system/src/cmsis/vectors_stm32f4xx.o
                0x00000000080002e8                RTC_Alarm_IRQHandler
                0x00000000080002e8                HASH_RNG_IRQHandler
                0x00000000080002e8                EXTI2_IRQHandler
                0x00000000080002e8                TIM8_CC_IRQHandler
                0x00000000080002e8                TIM1_CC_IRQHandler
                0x00000000080002e8                DMA2_Stream5_IRQHandler
                0x00000000080002e8                DMA1_Stream5_IRQHandler
                0x00000000080002e8                PVD_IRQHandler
                0x00000000080002e8                SDIO_IRQHandler
                0x00000000080002e8                TAMP_STAMP_IRQHandler
                0x00000000080002e8                CAN2_RX1_IRQHandler
                0x00000000080002e8                EXTI3_IRQHandler
                0x00000000080002e8                TIM8_TRG_COM_TIM14_IRQHandler
                0x00000000080002e8                TIM1_UP_TIM10_IRQHandler
                0x00000000080002e8                TIM8_UP_TIM13_IRQHandler
                0x00000000080002e8                I2C3_ER_IRQHandler
                0x00000000080002e8                EXTI0_IRQHandler
                0x00000000080002e8                I2C2_EV_IRQHandler
                0x00000000080002e8                DMA1_Stream2_IRQHandler
                0x00000000080002e8                CAN1_RX0_IRQHandler
                0x00000000080002e8                FPU_IRQHandler
                0x00000000080002e8                OTG_HS_WKUP_IRQHandler
                0x00000000080002e8                CAN2_SCE_IRQHandler
                0x00000000080002e8                DMA2_Stream2_IRQHandler
                0x00000000080002e8                SPI1_IRQHandler
                0x00000000080002e8                TIM6_DAC_IRQHandler
                0x00000000080002e8                TIM1_BRK_TIM9_IRQHandler
                0x00000000080002e8                DCMI_IRQHandler
                0x00000000080002e8                CAN2_RX0_IRQHandler
                0x00000000080002e8                DMA2_Stream3_IRQHandler
                0x00000000080002e8                USART6_IRQHandler
                0x00000000080002e8                USART3_IRQHandler
                0x00000000080002e8                CAN1_RX1_IRQHandler
                0x00000000080002e8                UART5_IRQHandler
                0x00000000080002e8                DMA2_Stream0_IRQHandler
                0x00000000080002e8                TIM4_IRQHandler
                0x00000000080002e8                I2C1_EV_IRQHandler
                0x00000000080002e8                DMA1_Stream6_IRQHandler
                0x00000000080002e8                DMA1_Stream1_IRQHandler
                0x00000000080002e8                TIM3_IRQHandler
                0x00000000080002e8                RCC_IRQHandler
                0x00000000080002e8                TIM8_BRK_TIM12_IRQHandler
                0x00000000080002e8                Default_Handler
                0x00000000080002e8                EXTI15_10_IRQHandler
                0x00000000080002e8                ADC_IRQHandler
                0x00000000080002e8                DMA1_Stream7_IRQHandler
                0x00000000080002e8                TIM7_IRQHandler
                0x00000000080002e8                CAN2_TX_IRQHandler
                0x00000000080002e8                TIM5_IRQHandler
                0x00000000080002e8                DMA2_Stream7_IRQHandler
                0x00000000080002e8                I2C3_EV_IRQHandler
                0x00000000080002e8                EXTI9_5_IRQHandler
                0x00000000080002e8                RTC_WKUP_IRQHandler
                0x00000000080002e8                ETH_WKUP_IRQHandler
                0x00000000080002e8                SPI2_IRQHandler
                0x00000000080002e8                OTG_HS_EP1_IN_IRQHandler
                0x00000000080002e8                DMA1_Stream0_IRQHandler
                0x00000000080002e8                CAN1_TX_IRQHandler
                0x00000000080002e8                EXTI4_IRQHandler
                0x00000000080002e8                FSMC_IRQHandler
                0x00000000080002e8                ETH_IRQHandler
                0x00000000080002e8                OTG_HS_EP1_OUT_IRQHandler
                0x00000000080002e8                WWDG_IRQHandler
                0x00000000080002e8                OTG_FS_WKUP_IRQHandler
                0x00000000080002e8                TIM1_TRG_COM_TIM11_IRQHandler
                0x00000000080002e8                OTG_HS_IRQHandler
                0x00000000080002e8                EXTI1_IRQHandler
                0x00000000080002e8                USART2_IRQHandler
                0x00000000080002e8                I2C2_ER_IRQHandler
                0x00000000080002e8                DMA2_Stream1_IRQHandler
                0x00000000080002e8                CAN1_SCE_IRQHandler
                0x00000000080002e8                FLASH_IRQHandler
                0x00000000080002e8                DMA2_Stream4_IRQHandler
                0x00000000080002e8                USART1_IRQHandler
                0x00000000080002e8                OTG_FS_IRQHandler
                0x00000000080002e8                SPI3_IRQHandler
                0x00000000080002e8                DMA1_Stream4_IRQHandler
                0x00000000080002e8                I2C1_ER_IRQHandler
                0x00000000080002e8                DMA2_Stream6_IRQHandler
                0x00000000080002e8                DMA1_Stream3_IRQHandler

.inits          0x00000000080002ec       0x30
                0x00000000080002ec                __data_regions_array_start = .
                0x00000000080002ec        0x4 LONG 0x8001c44 LOADADDR (.data)
                0x00000000080002f0        0x4 LONG 0x20000000 ADDR (.data)
                0x00000000080002f4        0x4 LONG 0x2000000c (ADDR (.data) + SIZEOF (.data))
                0x00000000080002f8        0x4 LONG 0x8001c44 LOADADDR (.data_CCMRAM)
                0x00000000080002fc        0x4 LONG 0x10000000 ADDR (.data_CCMRAM)
                0x0000000008000300        0x4 LONG 0x10000000 (ADDR (.data_CCMRAM) + SIZEOF (.data_CCMRAM))
                0x0000000008000304                __data_regions_array_end = .
                0x0000000008000304                __bss_regions_array_start = .
                0x0000000008000304        0x4 LONG 0x2000000c ADDR (.bss)
                0x0000000008000308        0x4 LONG 0x20000130 (ADDR (.bss) + SIZEOF (.bss))
                0x000000000800030c        0x4 LONG 0x10000000 ADDR (.bss_CCMRAM)
                0x0000000008000310        0x4 LONG 0x10000000 (ADDR (.bss_CCMRAM) + SIZEOF (.bss_CCMRAM))
                0x0000000008000314                __bss_regions_array_end = .
 *(.init)
 *(.fini)
                0x0000000008000314                . = ALIGN (0x4)
                0x0000000008000314                PROVIDE (__preinit_array_start, .)
 *(.preinit_array_sysinit .preinit_array_sysinit.*)
 *(.preinit_array_platform .preinit_array_platform.*)
 *(.preinit_array .preinit_array.*)
                0x0000000008000314                PROVIDE (__preinit_array_end, .)
                0x0000000008000314                . = ALIGN (0x4)
                0x0000000008000314                PROVIDE (__init_array_start, .)
 *(SORT(.init_array.*))
 *(.init_array)
 .init_array    0x0000000008000314        0x4 ./src/main.o
                0x0000000008000318                PROVIDE (__init_array_end, .)
                0x0000000008000318                . = ALIGN (0x4)
                0x0000000008000318                PROVIDE (__fini_array_start, .)
 *(SORT(.fini_array.*))
 *(.fini_array)
 .fini_array    0x0000000008000318        0x4 ./src/main.o
                0x000000000800031c                PROVIDE (__fini_array_end, .)

.flashtext
 *(.flashtext .flashtext.*)

.text           0x0000000008000320     0x1924
 *(.text .text.*)
 .text.HAL_InitTick
                0x0000000008000320       0x24 ./system/src/stm32f4-hal/stm32f4xx_hal.o
                0x0000000008000320                HAL_InitTick
 .text.HAL_Init
                0x0000000008000344       0x34 ./system/src/stm32f4-hal/stm32f4xx_hal.o
                0x0000000008000344                HAL_Init
 .text.HAL_GetTick
                0x0000000008000378        0xc ./system/src/stm32f4-hal/stm32f4xx_hal.o
                0x0000000008000378                HAL_GetTick
 .text.HAL_SuspendTick
                0x0000000008000384       0x10 ./system/src/stm32f4-hal/stm32f4xx_hal.o
                0x0000000008000384                HAL_SuspendTick
 .text.HAL_NVIC_SetPriorityGrouping
                0x0000000008000394       0x24 ./system/src/stm32f4-hal/stm32f4xx_hal_cortex.o
                0x0000000008000394                HAL_NVIC_SetPriorityGrouping
 .text.HAL_NVIC_SetPriority
                0x00000000080003b8       0x60 ./system/src/stm32f4-hal/stm32f4xx_hal_cortex.o
                0x00000000080003b8                HAL_NVIC_SetPriority
 .text.HAL_NVIC_EnableIRQ
                0x0000000008000418       0x18 ./system/src/stm32f4-hal/stm32f4xx_hal_cortex.o
                0x0000000008000418                HAL_NVIC_EnableIRQ
 .text.HAL_NVIC_DisableIRQ
                0x0000000008000430       0x18 ./system/src/stm32f4-hal/stm32f4xx_hal_cortex.o
                0x0000000008000430                HAL_NVIC_DisableIRQ
 .text.HAL_SYSTICK_Config
                0x0000000008000448       0x2c ./system/src/stm32f4-hal/stm32f4xx_hal_cortex.o
                0x0000000008000448                HAL_SYSTICK_Config
 .text.HAL_NVIC_ClearPendingIRQ
                0x0000000008000474       0x18 ./system/src/stm32f4-hal/stm32f4xx_hal_cortex.o
                0x0000000008000474                HAL_NVIC_ClearPendingIRQ
 .text.HAL_GPIO_Init
                0x000000000800048c      0x1bc ./system/src/stm32f4-hal/stm32f4xx_hal_gpio.o
                0x000000000800048c                HAL_GPIO_Init
 .text.HAL_GPIO_WritePin
                0x0000000008000648        0x8 ./system/src/stm32f4-hal/stm32f4xx_hal_gpio.o
                0x0000000008000648                HAL_GPIO_WritePin
 .text.HAL_GPIO_TogglePin
                0x0000000008000650        0x8 ./system/src/stm32f4-hal/stm32f4xx_hal_gpio.o
                0x0000000008000650                HAL_GPIO_TogglePin
 .text.HAL_MspInit
                0x0000000008000658        0x2 ./system/src/stm32f4-hal/stm32f4xx_hal_msp_template.o
                0x0000000008000658                HAL_MspInit
 *fill*         0x000000000800065a        0x2 
 .text.HAL_RCC_OscConfig
                0x000000000800065c      0x318 ./system/src/stm32f4-hal/stm32f4xx_hal_rcc.o
                0x000000000800065c                HAL_RCC_OscConfig
 .text.HAL_RCC_ClockConfig
                0x0000000008000974      0x1c8 ./system/src/stm32f4-hal/stm32f4xx_hal_rcc.o
                0x0000000008000974                HAL_RCC_ClockConfig
 .text.HAL_RCC_GetSysClockFreq
                0x0000000008000b3c       0x84 ./system/src/stm32f4-hal/stm32f4xx_hal_rcc.o
                0x0000000008000b3c                HAL_RCC_GetSysClockFreq
 .text.HAL_RCC_GetHCLKFreq
                0x0000000008000bc0       0x38 ./system/src/stm32f4-hal/stm32f4xx_hal_rcc.o
                0x0000000008000bc0                HAL_RCC_GetHCLKFreq
 .text.HAL_RCC_GetPCLK1Freq
                0x0000000008000bf8       0x30 ./system/src/stm32f4-hal/stm32f4xx_hal_rcc.o
                0x0000000008000bf8                HAL_RCC_GetPCLK1Freq
 .text.HAL_RCC_GetPCLK2Freq
                0x0000000008000c28       0x30 ./system/src/stm32f4-hal/stm32f4xx_hal_rcc.o
                0x0000000008000c28                HAL_RCC_GetPCLK2Freq
 .text.HAL_TIM_Base_MspInit
                0x0000000008000c58        0x2 ./system/src/stm32f4-hal/stm32f4xx_hal_tim.o
                0x0000000008000c58                HAL_TIM_Base_MspInit
 .text.HAL_TIM_Base_Start
                0x0000000008000c5a       0x1a ./system/src/stm32f4-hal/stm32f4xx_hal_tim.o
                0x0000000008000c5a                HAL_TIM_Base_Start
 .text.HAL_TIM_Base_Stop
                0x0000000008000c74       0x2e ./system/src/stm32f4-hal/stm32f4xx_hal_tim.o
                0x0000000008000c74                HAL_TIM_Base_Stop
 .text.HAL_TIM_Base_Start_IT
                0x0000000008000ca2       0x16 ./system/src/stm32f4-hal/stm32f4xx_hal_tim.o
                0x0000000008000ca2                HAL_TIM_Base_Start_IT
 .text.HAL_TIM_OC_DelayElapsedCallback
                0x0000000008000cb8        0x2 ./system/src/stm32f4-hal/stm32f4xx_hal_tim.o
                0x0000000008000cb8                HAL_TIM_OC_DelayElapsedCallback
 .text.HAL_TIM_IC_CaptureCallback
                0x0000000008000cba        0x2 ./system/src/stm32f4-hal/stm32f4xx_hal_tim.o
                0x0000000008000cba                HAL_TIM_IC_CaptureCallback
 .text.HAL_TIM_PWM_PulseFinishedCallback
                0x0000000008000cbc        0x2 ./system/src/stm32f4-hal/stm32f4xx_hal_tim.o
                0x0000000008000cbc                HAL_TIM_PWM_PulseFinishedCallback
 .text.HAL_TIM_TriggerCallback
                0x0000000008000cbe        0x2 ./system/src/stm32f4-hal/stm32f4xx_hal_tim.o
                0x0000000008000cbe                HAL_TIM_TriggerCallback
 .text.HAL_TIM_IRQHandler
                0x0000000008000cc0      0x144 ./system/src/stm32f4-hal/stm32f4xx_hal_tim.o
                0x0000000008000cc0                HAL_TIM_IRQHandler
 .text.TIM_Base_SetConfig
                0x0000000008000e04       0xc8 ./system/src/stm32f4-hal/stm32f4xx_hal_tim.o
                0x0000000008000e04                TIM_Base_SetConfig
 .text.HAL_TIM_Base_Init
                0x0000000008000ecc       0x2c ./system/src/stm32f4-hal/stm32f4xx_hal_tim.o
                0x0000000008000ecc                HAL_TIM_Base_Init
 .text.HAL_TIMEx_CommutationCallback
                0x0000000008000ef8        0x2 ./system/src/stm32f4-hal/stm32f4xx_hal_tim_ex.o
                0x0000000008000ef8                HAL_TIMEx_CommutationCallback
 .text.HAL_TIMEx_BreakCallback
                0x0000000008000efa        0x2 ./system/src/stm32f4-hal/stm32f4xx_hal_tim_ex.o
                0x0000000008000efa                HAL_TIMEx_BreakCallback
 .text.UART_SetConfig
                0x0000000008000efc      0x148 ./system/src/stm32f4-hal/stm32f4xx_hal_uart.o
 .text.UART_WaitOnFlagUntilTimeout.constprop.0
                0x0000000008001044       0x60 ./system/src/stm32f4-hal/stm32f4xx_hal_uart.o
 .text.HAL_UART_MspInit
                0x00000000080010a4        0x2 ./system/src/stm32f4-hal/stm32f4xx_hal_uart.o
                0x00000000080010a4                HAL_UART_MspInit
 .text.HAL_UART_Init
                0x00000000080010a6       0x50 ./system/src/stm32f4-hal/stm32f4xx_hal_uart.o
                0x00000000080010a6                HAL_UART_Init
 .text.HAL_UART_Transmit
                0x00000000080010f6       0xb8 ./system/src/stm32f4-hal/stm32f4xx_hal_uart.o
                0x00000000080010f6                HAL_UART_Transmit
 .text.HAL_UART_Receive_IT
                0x00000000080011ae       0x68 ./system/src/stm32f4-hal/stm32f4xx_hal_uart.o
                0x00000000080011ae                HAL_UART_Receive_IT
 .text.HAL_UART_TxCpltCallback
                0x0000000008001216        0x2 ./system/src/stm32f4-hal/stm32f4xx_hal_uart.o
                0x0000000008001216                HAL_UART_TxCpltCallback
 .text.HAL_UART_ErrorCallback
                0x0000000008001218        0x2 ./system/src/stm32f4-hal/stm32f4xx_hal_uart.o
                0x0000000008001218                HAL_UART_ErrorCallback
 .text.HAL_UART_IRQHandler
                0x000000000800121a      0x1b8 ./system/src/stm32f4-hal/stm32f4xx_hal_uart.o
                0x000000000800121a                HAL_UART_IRQHandler
 .text._exit    0x00000000080013d2        0x6 ./system/src/newlib/_exit.o
                0x00000000080013d2                _exit
 .text.__initialize_args
                0x00000000080013d8       0x10 ./system/src/newlib/_syscalls.o
                0x00000000080013d8                __initialize_args
 .text.__initialize_hardware_early
                0x00000000080013e8        0x4 ./system/src/cortexm/_initialize_hardware.o
                0x00000000080013e8                __initialize_hardware_early
 .text.__reset_hardware
                0x00000000080013ec       0x20 ./system/src/cortexm/_reset_hardware.o
                0x00000000080013ec                __reset_hardware
 .text.isSemihosting
                0x000000000800140c       0x1c ./system/src/cortexm/exception_handlers.o
                0x000000000800140c                isSemihosting
 .text.SystemInit
                0x0000000008001428       0x40 ./system/src/cmsis/system_stm32f4xx.o
                0x0000000008001428                SystemInit
 .text._ZN5objet19CallbackInteruptionEPv
                0x0000000008001468        0x2 ./src/Gpio.o
                0x0000000008001468                objet::CallbackInteruption(void*)
 *fill*         0x000000000800146a        0x2 
 .text._ZN4GpioC2EP12GPIO_TypeDefmmmmm
                0x000000000800146c       0x24 ./src/Gpio.o
                0x000000000800146c                Gpio::Gpio(GPIO_TypeDef*, unsigned long, unsigned long, unsigned long, unsigned long, unsigned long)
                0x000000000800146c                Gpio::Gpio(GPIO_TypeDef*, unsigned long, unsigned long, unsigned long, unsigned long, unsigned long)
 .text._ZN4Gpio4InitEv
                0x0000000008001490       0x18 ./src/Gpio.o
                0x0000000008001490                Gpio::Init()
 .text._ZN4Gpio6ToggleEv
                0x00000000080014a8       0x14 ./src/Gpio.o
                0x00000000080014a8                Gpio::Toggle()
 .text._ZN4Gpio8WriteBitE13GPIO_PinState
                0x00000000080014bc       0x16 ./src/Gpio.o
                0x00000000080014bc                Gpio::WriteBit(GPIO_PinState)
 *fill*         0x00000000080014d2        0x2 
 .text._ZN7Seconde5sleepEm
                0x00000000080014d4       0x10 ./src/Seconde.o
                0x00000000080014d4                Seconde::sleep(unsigned long)
 .text.SysTick_Handler
                0x00000000080014e4       0x14 ./src/Seconde.o
                0x00000000080014e4                SysTick_Handler
 .text._ZN4UartC2EP13USART_TypeDefmmmmmmm
                0x00000000080014f8       0x34 ./src/Uart.o
                0x00000000080014f8                Uart::Uart(USART_TypeDef*, unsigned long, unsigned long, unsigned long, unsigned long, unsigned long, unsigned long, unsigned long)
                0x00000000080014f8                Uart::Uart(USART_TypeDef*, unsigned long, unsigned long, unsigned long, unsigned long, unsigned long, unsigned long, unsigned long)
 .text._ZN4Uart4InitEv
                0x000000000800152c       0x1c ./src/Uart.o
                0x000000000800152c                Uart::Init()
 .text._ZN4Uart6ActiveE15FunctionalState
                0x0000000008001548       0x14 ./src/Uart.o
                0x0000000008001548                Uart::Active(FunctionalState)
 .text._ZN4Uart4SendEPhtm
                0x000000000800155c        0x6 ./src/Uart.o
                0x000000000800155c                Uart::Send(unsigned char*, unsigned short, unsigned long)
 .text._ZN4Uart19CallbackInteruptionEP18UART_HandleTypeDef
                0x0000000008001562       0x2c ./src/Uart.o
                0x0000000008001562                Uart::CallbackInteruption(UART_HandleTypeDef*)
 .text._ZN4Uart7SetGpioEP4GpioS1_
                0x000000000800158e        0x6 ./src/Uart.o
                0x000000000800158e                Uart::SetGpio(Gpio*, Gpio*)
 .text._ZN4Uart15InitInteruptionEP12interruption9IRQn_Typemm
                0x0000000008001594       0x4c ./src/Uart.o
                0x0000000008001594                Uart::InitInteruption(interruption*, IRQn_Type, unsigned long, unsigned long)
 .text._ZN4Uart3IRQEv
                0x00000000080015e0        0x6 ./src/Uart.o
                0x00000000080015e0                Uart::IRQ()
 .text._ZN4Uart17ActiveInteruptionE15FunctionalState
                0x00000000080015e6       0x3c ./src/Uart.o
                0x00000000080015e6                Uart::ActiveInteruption(FunctionalState)
 *fill*         0x0000000008001622        0x2 
 .text.configure_system_clock
                0x0000000008001624       0x68 ./src/_initialize_hardware.o
                0x0000000008001624                configure_system_clock
 .text.__initialize_hardware
                0x000000000800168c       0x16 ./src/_initialize_hardware.o
                0x000000000800168c                __initialize_hardware
 *fill*         0x00000000080016a2        0x2 
 .text._ZN12interruptionC2Ev
                0x00000000080016a4       0x34 ./src/interrupt.o
                0x00000000080016a4                interruption::interruption()
                0x00000000080016a4                interruption::interruption()
 .text._ZN12interruption10SetObjetITEmmmP5objet
                0x00000000080016d8       0x9c ./src/interrupt.o
                0x00000000080016d8                interruption::SetObjetIT(unsigned long, unsigned long, unsigned long, objet*)
 .text._ZN12interruption8ActiveITE9IRQn_Type
                0x0000000008001774        0xc ./src/interrupt.o
                0x0000000008001774                interruption::ActiveIT(IRQn_Type)
 .text._ZN12interruption11DesactiveITE9IRQn_Type
                0x0000000008001780        0xc ./src/interrupt.o
                0x0000000008001780                interruption::DesactiveIT(IRQn_Type)
 .text._ZN12interruption19CallbackInteruptionEP17TIM_HandleTypeDef
                0x000000000800178c       0xfc ./src/interrupt.o
                0x000000000800178c                interruption::CallbackInteruption(TIM_HandleTypeDef*)
 .text._ZN12interruption19CallbackInteruptionEP18UART_HandleTypeDef
                0x0000000008001888       0x28 ./src/interrupt.o
                0x0000000008001888                interruption::CallbackInteruption(UART_HandleTypeDef*)
 .text.HAL_UART_RxCpltCallback
                0x00000000080018b0        0xc ./src/main.o
                0x00000000080018b0                HAL_UART_RxCpltCallback
 .text.HAL_TIM_PeriodElapsedCallback
                0x00000000080018bc       0x20 ./src/main.o
                0x00000000080018bc                HAL_TIM_PeriodElapsedCallback
 .text.startup.main
                0x00000000080018dc      0x1a0 ./src/main.o
                0x00000000080018dc                main
 .text.UART4_IRQHandler
                0x0000000008001a7c        0xc ./src/main.o
                0x0000000008001a7c                UART4_IRQHandler
 .text.TIM2_IRQHandler
                0x0000000008001a88        0xc ./src/main.o
                0x0000000008001a88                TIM2_IRQHandler
 .text.startup._GLOBAL__sub_I_SuperIT
                0x0000000008001a94       0x74 ./src/main.o
 .text.exit._GLOBAL__sub_D_SuperIT
                0x0000000008001b08        0x2 ./src/main.o
 *fill*         0x0000000008001b0a        0x2 
 .text._ZN5timer19CallbackInteruptionEPv
                0x0000000008001b0c       0x20 ./src/timer.o
                0x0000000008001b0c                timer::CallbackInteruption(void*)
 .text._ZN5timerC2EP11TIM_TypeDefmmmmm
                0x0000000008001b2c       0x24 ./src/timer.o
                0x0000000008001b2c                timer::timer(TIM_TypeDef*, unsigned long, unsigned long, unsigned long, unsigned long, unsigned long)
                0x0000000008001b2c                timer::timer(TIM_TypeDef*, unsigned long, unsigned long, unsigned long, unsigned long, unsigned long)
 .text._ZN5timer4InitEv
                0x0000000008001b50       0x10 ./src/timer.o
                0x0000000008001b50                timer::Init()
 .text._ZN5timer6ActiveE15FunctionalState
                0x0000000008001b60       0x10 ./src/timer.o
                0x0000000008001b60                timer::Active(FunctionalState)
 .text._ZN5timer15InitInteruptionEP12interruption9IRQn_Typemm
                0x0000000008001b70       0x40 ./src/timer.o
                0x0000000008001b70                timer::InitInteruption(interruption*, IRQn_Type, unsigned long, unsigned long)
 .text._ZN5timer17ActiveInteruptionE15FunctionalState
                0x0000000008001bb0       0x3c ./src/timer.o
                0x0000000008001bb0                timer::ActiveInteruption(FunctionalState)
 .text._ZN5timer3IRQEv
                0x0000000008001bec        0x6 ./src/timer.o
                0x0000000008001bec                timer::IRQ()
 *(.rodata .rodata.* .constdata .constdata.*)
 .rodata.APBAHBPrescTable
                0x0000000008001bf2       0x10 ./system/src/stm32f4-hal/stm32f4xx_hal_rcc.o
                0x0000000008001bf2                APBAHBPrescTable
 *fill*         0x0000000008001c02        0x6 
 .rodata._ZTV4Gpio
                0x0000000008001c08        0xc ./src/Gpio.o
                0x0000000008001c08                vtable for Gpio
 *fill*         0x0000000008001c14        0x4 
 .rodata._ZTV4Uart
                0x0000000008001c18       0x10 ./src/Uart.o
                0x0000000008001c18                vtable for Uart
 .rodata._ZTV12interruption
                0x0000000008001c28        0xc ./src/interrupt.o
                0x0000000008001c28                vtable for interruption
 *fill*         0x0000000008001c34        0x4 
 .rodata._ZTV5timer
                0x0000000008001c38        0xc ./src/timer.o
                0x0000000008001c38                vtable for timer
 *(vtable)
 *(.eh_frame*)
 *(.glue_7)
 .glue_7        0x0000000000000000        0x0 linker stubs
 *(.glue_7t)
 .glue_7t       0x0000000000000000        0x0 linker stubs

.vfp11_veneer   0x0000000008001c44        0x0
 .vfp11_veneer  0x0000000000000000        0x0 linker stubs

.v4_bx          0x0000000008001c44        0x0
 .v4_bx         0x0000000000000000        0x0 linker stubs

.iplt           0x0000000008001c44        0x0
 .iplt          0x0000000000000000        0x0 ./system/src/stm32f4-hal/stm32f4xx_hal.o

.rel.dyn        0x0000000008001c44        0x0
 .rel.iplt      0x0000000000000000        0x0 ./system/src/stm32f4-hal/stm32f4xx_hal.o

.ARM.extab
 *(.ARM.extab* .gnu.linkonce.armextab.*)
                0x0000000008001c44                . = ALIGN (0x4)
                0x0000000008001c44                __exidx_start = .

.ARM.exidx
 *(.ARM.exidx* .gnu.linkonce.armexidx.*)
                0x0000000008001c44                __exidx_end = .
                0x0000000008001c44                . = ALIGN (0x4)
                0x0000000008001c44                _etext = .
                0x0000000008001c44                __etext = .

.data_CCMRAM    0x0000000010000000        0x0 load address 0x0000000008001c44
 FILL mask 0xff
 *(.data.CCMRAM .data.CCMRAM.*)
                0x0000000010000000                . = ALIGN (0x4)
                0x0000000008001c44                _sidata = LOADADDR (.data)

.data           0x0000000020000000        0xc load address 0x0000000008001c44
 FILL mask 0xff
                0x0000000020000000                _sdata = .
                0x0000000020000000                __data_start__ = .
 *(.data_begin .data_begin.*)
 *(.data .data.*)
 .data.argv.4160
                0x0000000020000000        0x8 ./system/src/newlib/_syscalls.o
 .data.SystemCoreClock
                0x0000000020000008        0x4 ./system/src/cmsis/system_stm32f4xx.o
                0x0000000020000008                SystemCoreClock
 *(.data_end .data_end.*)
                0x000000002000000c                . = ALIGN (0x4)
                0x000000002000000c                _edata = .
                0x000000002000000c                __data_end__ = .

.igot.plt       0x000000002000000c        0x0 load address 0x0000000008001c50
 .igot.plt      0x0000000000000000        0x0 ./system/src/stm32f4-hal/stm32f4xx_hal.o

.bss_CCMRAM     0x0000000010000000        0x0
 *(.bss.CCMRAM .bss.CCMRAM.*)

.bss            0x000000002000000c      0x124
                0x000000002000000c                __bss_start__ = .
                0x000000002000000c                _sbss = .
 *(.bss_begin .bss_begin.*)
 *(.bss .bss.*)
 .bss.uwTick    0x000000002000000c        0x4 ./system/src/stm32f4-hal/stm32f4xx_hal.o
 .bss.name.4159
                0x0000000020000010        0x1 ./system/src/newlib/_syscalls.o
 *fill*         0x0000000020000011        0x3 
 .bss._ZN7Seconde13ms_delayCountE
                0x0000000020000014        0x4 ./src/Seconde.o
                0x0000000020000014                Seconde::ms_delayCount
 .bss.Uart4     0x0000000020000018       0x5c ./src/main.o
                0x0000000020000018                Uart4
 .bss.Ledred    0x0000000020000074       0x20 ./src/main.o
                0x0000000020000074                Ledred
 .bss.SuperIT   0x0000000020000094       0x54 ./src/main.o
                0x0000000020000094                SuperIT
 .bss.Timer2    0x00000000200000e8       0x48 ./src/main.o
                0x00000000200000e8                Timer2
 *(COMMON)
 *(.bss_end .bss_end.*)
                0x0000000020000130                . = ALIGN (0x4)
                0x0000000020000130                __bss_end__ = .
                0x0000000020000130                _ebss = .

.noinit_CCMRAM
 *(.noinit.CCMRAM .noinit.CCMRAM.*)

.noinit         0x0000000020000130        0x0
                0x0000000020000130                _noinit = .
 *(.noinit .noinit.*)
                0x0000000020000130                . = ALIGN (0x4)
                0x0000000020000130                _end_noinit = .
                0x0000000020000130                PROVIDE (end, _end_noinit)
                0x0000000020000130                PROVIDE (_end, _end_noinit)
                0x0000000020000130                PROVIDE (__end, _end_noinit)
                0x0000000020000130                PROVIDE (__end__, _end_noinit)

._check_stack   0x0000000020000130      0x100
                0x0000000020000230                . = (. + _Minimum_Stack_Size)
 *fill*         0x0000000020000130      0x100 

.b1text
 *(.b1text)
 *(.b1rodata)
 *(.b1rodata.*)

.eb0text
 *(.eb0text)
 *(.eb0rodata)
 *(.eb0rodata.*)

.eb1text
 *(.eb1text)
 *(.eb1rodata)
 *(.eb1rodata.*)

.eb2text
 *(.eb2text)
 *(.eb2rodata)
 *(.eb2rodata.*)

.eb3text
 *(.eb3text)
 *(.eb3rodata)
 *(.eb3rodata.*)

.stab
 *(.stab)

.stabstr
 *(.stabstr)

.stab.excl
 *(.stab.excl)

.stab.exclstr
 *(.stab.exclstr)

.stab.index
 *(.stab.index)

.stab.indexstr
 *(.stab.indexstr)

.comment        0x0000000000000000       0x70
 *(.comment)
 .comment       0x0000000000000000       0x70 ./system/src/stm32f4-hal/stm32f4xx_hal.o
                                         0x71 (size before relaxing)
 .comment       0x0000000000000000       0x71 ./system/src/stm32f4-hal/stm32f4xx_hal_cortex.o
 .comment       0x0000000000000000       0x71 ./system/src/stm32f4-hal/stm32f4xx_hal_gpio.o
 .comment       0x0000000000000000       0x71 ./system/src/stm32f4-hal/stm32f4xx_hal_msp_template.o
 .comment       0x0000000000000000       0x71 ./system/src/stm32f4-hal/stm32f4xx_hal_rcc.o
 .comment       0x0000000000000000       0x71 ./system/src/stm32f4-hal/stm32f4xx_hal_tim.o
 .comment       0x0000000000000000       0x71 ./system/src/stm32f4-hal/stm32f4xx_hal_tim_ex.o
 .comment       0x0000000000000000       0x71 ./system/src/stm32f4-hal/stm32f4xx_hal_uart.o
 .comment       0x0000000000000000       0x71 ./system/src/newlib/_exit.o
 .comment       0x0000000000000000       0x71 ./system/src/newlib/_startup.o
 .comment       0x0000000000000000       0x71 ./system/src/newlib/_syscalls.o
 .comment       0x0000000000000000       0x71 ./system/src/cortexm/_initialize_hardware.o
 .comment       0x0000000000000000       0x71 ./system/src/cortexm/_reset_hardware.o
 .comment       0x0000000000000000       0x71 ./system/src/cortexm/exception_handlers.o
 .comment       0x0000000000000000       0x71 ./system/src/cmsis/system_stm32f4xx.o
 .comment       0x0000000000000000       0x71 ./system/src/cmsis/vectors_stm32f4xx.o
 .comment       0x0000000000000000       0x71 ./src/Gpio.o
 .comment       0x0000000000000000       0x71 ./src/Seconde.o
 .comment       0x0000000000000000       0x71 ./src/Uart.o
 .comment       0x0000000000000000       0x71 ./src/_initialize_hardware.o
 .comment       0x0000000000000000       0x71 ./src/interrupt.o
 .comment       0x0000000000000000       0x71 ./src/main.o
 .comment       0x0000000000000000       0x71 ./src/timer.o

.ARM.attributes
                0x0000000000000000       0x33
 .ARM.attributes
                0x0000000000000000       0x33 ./system/src/stm32f4-hal/stm32f4xx_hal.o
 .ARM.attributes
                0x0000000000000033       0x33 ./system/src/stm32f4-hal/stm32f4xx_hal_cortex.o
 .ARM.attributes
                0x0000000000000066       0x33 ./system/src/stm32f4-hal/stm32f4xx_hal_gpio.o
 .ARM.attributes
                0x0000000000000099       0x33 ./system/src/stm32f4-hal/stm32f4xx_hal_msp_template.o
 .ARM.attributes
                0x00000000000000cc       0x33 ./system/src/stm32f4-hal/stm32f4xx_hal_rcc.o
 .ARM.attributes
                0x00000000000000ff       0x33 ./system/src/stm32f4-hal/stm32f4xx_hal_tim.o
 .ARM.attributes
                0x0000000000000132       0x33 ./system/src/stm32f4-hal/stm32f4xx_hal_tim_ex.o
 .ARM.attributes
                0x0000000000000165       0x33 ./system/src/stm32f4-hal/stm32f4xx_hal_uart.o
 .ARM.attributes
                0x0000000000000198       0x33 ./system/src/newlib/_exit.o
 .ARM.attributes
                0x00000000000001cb       0x33 ./system/src/newlib/_startup.o
 .ARM.attributes
                0x00000000000001fe       0x33 ./system/src/newlib/_syscalls.o
 .ARM.attributes
                0x0000000000000231       0x33 ./system/src/cortexm/_initialize_hardware.o
 .ARM.attributes
                0x0000000000000264       0x33 ./system/src/cortexm/_reset_hardware.o
 .ARM.attributes
                0x0000000000000297       0x33 ./system/src/cortexm/exception_handlers.o
 .ARM.attributes
                0x00000000000002ca       0x33 ./system/src/cmsis/system_stm32f4xx.o
 .ARM.attributes
                0x00000000000002fd       0x33 ./system/src/cmsis/vectors_stm32f4xx.o
 .ARM.attributes
                0x0000000000000330       0x33 ./src/Gpio.o
 .ARM.attributes
                0x0000000000000363       0x33 ./src/Seconde.o
 .ARM.attributes
                0x0000000000000396       0x33 ./src/Uart.o
 .ARM.attributes
                0x00000000000003c9       0x33 ./src/_initialize_hardware.o
 .ARM.attributes
                0x00000000000003fc       0x33 ./src/interrupt.o
 .ARM.attributes
                0x000000000000042f       0x33 ./src/main.o
 .ARM.attributes
                0x0000000000000462       0x33 ./src/timer.o

.debug
 *(.debug)

.line
 *(.line)

.debug_srcinfo
 *(.debug_srcinfo)

.debug_sfnames
 *(.debug_sfnames)

.debug_aranges  0x0000000000000000      0xc10
 *(.debug_aranges)
 .debug_aranges
                0x0000000000000000       0xc0 ./system/src/stm32f4-hal/stm32f4xx_hal.o
 .debug_aranges
                0x00000000000000c0       0x90 ./system/src/stm32f4-hal/stm32f4xx_hal_cortex.o
 .debug_aranges
                0x0000000000000150       0x58 ./system/src/stm32f4-hal/stm32f4xx_hal_gpio.o
 .debug_aranges
                0x00000000000001a8       0x38 ./system/src/stm32f4-hal/stm32f4xx_hal_msp_template.o
 .debug_aranges
                0x00000000000001e0       0x88 ./system/src/stm32f4-hal/stm32f4xx_hal_rcc.o
 .debug_aranges
                0x0000000000000268      0x330 ./system/src/stm32f4-hal/stm32f4xx_hal_tim.o
 .debug_aranges
                0x0000000000000598      0x140 ./system/src/stm32f4-hal/stm32f4xx_hal_tim_ex.o
 .debug_aranges
                0x00000000000006d8      0x138 ./system/src/stm32f4-hal/stm32f4xx_hal_uart.o
 .debug_aranges
                0x0000000000000810       0x28 ./system/src/newlib/_exit.o
 .debug_aranges
                0x0000000000000838       0x40 ./system/src/newlib/_startup.o
 .debug_aranges
                0x0000000000000878       0x30 ./system/src/newlib/_syscalls.o
 .debug_aranges
                0x00000000000008a8       0x28 ./system/src/cortexm/_initialize_hardware.o
 .debug_aranges
                0x00000000000008d0       0x20 ./system/src/cortexm/_reset_hardware.o
 .debug_aranges
                0x00000000000008f0       0x88 ./system/src/cortexm/exception_handlers.o
 .debug_aranges
                0x0000000000000978       0x28 ./system/src/cmsis/system_stm32f4xx.o
 .debug_aranges
                0x00000000000009a0       0x20 ./system/src/cmsis/vectors_stm32f4xx.o
 .debug_aranges
                0x00000000000009c0       0x58 ./src/Gpio.o
 .debug_aranges
                0x0000000000000a18       0x28 ./src/Seconde.o
 .debug_aranges
                0x0000000000000a40       0x90 ./src/Uart.o
 .debug_aranges
                0x0000000000000ad0       0x28 ./src/_initialize_hardware.o
 .debug_aranges
                0x0000000000000af8       0x50 ./src/interrupt.o
 .debug_aranges
                0x0000000000000b48       0x58 ./src/main.o
 .debug_aranges
                0x0000000000000ba0       0x70 ./src/timer.o

.debug_pubnames
 *(.debug_pubnames)

.debug_info     0x0000000000000000    0x106c1
 *(.debug_info .gnu.linkonce.wi.*)
 .debug_info    0x0000000000000000      0x993 ./system/src/stm32f4-hal/stm32f4xx_hal.o
 .debug_info    0x0000000000000993      0xca3 ./system/src/stm32f4-hal/stm32f4xx_hal_cortex.o
 .debug_info    0x0000000000001636      0x6b7 ./system/src/stm32f4-hal/stm32f4xx_hal_gpio.o
 .debug_info    0x0000000000001ced       0xd3 ./system/src/stm32f4-hal/stm32f4xx_hal_msp_template.o
 .debug_info    0x0000000000001dc0      0xf98 ./system/src/stm32f4-hal/stm32f4xx_hal_rcc.o
 .debug_info    0x0000000000002d58     0x33d4 ./system/src/stm32f4-hal/stm32f4xx_hal_tim.o
 .debug_info    0x000000000000612c     0x123d ./system/src/stm32f4-hal/stm32f4xx_hal_tim_ex.o
 .debug_info    0x0000000000007369     0x11d8 ./system/src/stm32f4-hal/stm32f4xx_hal_uart.o
 .debug_info    0x0000000000008541      0x100 ./system/src/newlib/_exit.o
 .debug_info    0x0000000000008641      0x4a9 ./system/src/newlib/_startup.o
 .debug_info    0x0000000000008aea      0x1a5 ./system/src/newlib/_syscalls.o
 .debug_info    0x0000000000008c8f       0xdb ./system/src/cortexm/_initialize_hardware.o
 .debug_info    0x0000000000008d6a      0x291 ./system/src/cortexm/_reset_hardware.o
 .debug_info    0x0000000000008ffb      0x55e ./system/src/cortexm/exception_handlers.o
 .debug_info    0x0000000000009559      0x482 ./system/src/cmsis/system_stm32f4xx.o
 .debug_info    0x00000000000099db       0xcd ./system/src/cmsis/vectors_stm32f4xx.o
 .debug_info    0x0000000000009aa8      0x702 ./src/Gpio.o
 .debug_info    0x000000000000a1aa      0x19c ./src/Seconde.o
 .debug_info    0x000000000000a346     0x1aa9 ./src/Uart.o
 .debug_info    0x000000000000bdef      0x4b1 ./src/_initialize_hardware.o
 .debug_info    0x000000000000c2a0      0xee4 ./src/interrupt.o
 .debug_info    0x000000000000d184     0x1fb8 ./src/main.o
 .debug_info    0x000000000000f13c     0x1585 ./src/timer.o

.debug_abbrev   0x0000000000000000     0x315b
 *(.debug_abbrev)
 .debug_abbrev  0x0000000000000000      0x272 ./system/src/stm32f4-hal/stm32f4xx_hal.o
 .debug_abbrev  0x0000000000000272      0x2e5 ./system/src/stm32f4-hal/stm32f4xx_hal_cortex.o
 .debug_abbrev  0x0000000000000557      0x1bf ./system/src/stm32f4-hal/stm32f4xx_hal_gpio.o
 .debug_abbrev  0x0000000000000716       0x67 ./system/src/stm32f4-hal/stm32f4xx_hal_msp_template.o
 .debug_abbrev  0x000000000000077d      0x2db ./system/src/stm32f4-hal/stm32f4xx_hal_rcc.o
 .debug_abbrev  0x0000000000000a58      0x315 ./system/src/stm32f4-hal/stm32f4xx_hal_tim.o
 .debug_abbrev  0x0000000000000d6d      0x229 ./system/src/stm32f4-hal/stm32f4xx_hal_tim_ex.o
 .debug_abbrev  0x0000000000000f96      0x2be ./system/src/stm32f4-hal/stm32f4xx_hal_uart.o
 .debug_abbrev  0x0000000000001254       0xb8 ./system/src/newlib/_exit.o
 .debug_abbrev  0x000000000000130c      0x219 ./system/src/newlib/_startup.o
 .debug_abbrev  0x0000000000001525       0xe4 ./system/src/newlib/_syscalls.o
 .debug_abbrev  0x0000000000001609       0x88 ./system/src/cortexm/_initialize_hardware.o
 .debug_abbrev  0x0000000000001691       0xe7 ./system/src/cortexm/_reset_hardware.o
 .debug_abbrev  0x0000000000001778      0x1cc ./system/src/cortexm/exception_handlers.o
 .debug_abbrev  0x0000000000001944      0x101 ./system/src/cmsis/system_stm32f4xx.o
 .debug_abbrev  0x0000000000001a45       0x9a ./system/src/cmsis/vectors_stm32f4xx.o
 .debug_abbrev  0x0000000000001adf      0x2e7 ./src/Gpio.o
 .debug_abbrev  0x0000000000001dc6      0x17e ./src/Seconde.o
 .debug_abbrev  0x0000000000001f44      0x433 ./src/Uart.o
 .debug_abbrev  0x0000000000002377      0x189 ./src/_initialize_hardware.o
 .debug_abbrev  0x0000000000002500      0x306 ./src/interrupt.o
 .debug_abbrev  0x0000000000002806      0x54b ./src/main.o
 .debug_abbrev  0x0000000000002d51      0x40a ./src/timer.o

.debug_line     0x0000000000000000     0x466a
 *(.debug_line)
 .debug_line    0x0000000000000000      0x2df ./system/src/stm32f4-hal/stm32f4xx_hal.o
 .debug_line    0x00000000000002df      0x292 ./system/src/stm32f4-hal/stm32f4xx_hal_cortex.o
 .debug_line    0x0000000000000571      0x2aa ./system/src/stm32f4-hal/stm32f4xx_hal_gpio.o
 .debug_line    0x000000000000081b       0xf6 ./system/src/stm32f4-hal/stm32f4xx_hal_msp_template.o
 .debug_line    0x0000000000000911      0x497 ./system/src/stm32f4-hal/stm32f4xx_hal_rcc.o
 .debug_line    0x0000000000000da8     0x1215 ./system/src/stm32f4-hal/stm32f4xx_hal_tim.o
 .debug_line    0x0000000000001fbd      0x70d ./system/src/stm32f4-hal/stm32f4xx_hal_tim_ex.o
 .debug_line    0x00000000000026ca      0x8fb ./system/src/stm32f4-hal/stm32f4xx_hal_uart.o
 .debug_line    0x0000000000002fc5       0xd1 ./system/src/newlib/_exit.o
 .debug_line    0x0000000000003096      0x112 ./system/src/newlib/_startup.o
 .debug_line    0x00000000000031a8       0xe0 ./system/src/newlib/_syscalls.o
 .debug_line    0x0000000000003288       0xe3 ./system/src/cortexm/_initialize_hardware.o
 .debug_line    0x000000000000336b       0xdb ./system/src/cortexm/_reset_hardware.o
 .debug_line    0x0000000000003446      0x1bc ./system/src/cortexm/exception_handlers.o
 .debug_line    0x0000000000003602       0xf5 ./system/src/cmsis/system_stm32f4xx.o
 .debug_line    0x00000000000036f7       0x5d ./system/src/cmsis/vectors_stm32f4xx.o
 .debug_line    0x0000000000003754      0x1b9 ./src/Gpio.o
 .debug_line    0x000000000000390d       0xeb ./src/Seconde.o
 .debug_line    0x00000000000039f8      0x301 ./src/Uart.o
 .debug_line    0x0000000000003cf9      0x16d ./src/_initialize_hardware.o
 .debug_line    0x0000000000003e66      0x250 ./src/interrupt.o
 .debug_line    0x00000000000040b6      0x31a ./src/main.o
 .debug_line    0x00000000000043d0      0x29a ./src/timer.o

.debug_frame    0x0000000000000000     0x1bb4
 *(.debug_frame)
 .debug_frame   0x0000000000000000      0x184 ./system/src/stm32f4-hal/stm32f4xx_hal.o
 .debug_frame   0x0000000000000184      0x124 ./system/src/stm32f4-hal/stm32f4xx_hal_cortex.o
 .debug_frame   0x00000000000002a8       0xc0 ./system/src/stm32f4-hal/stm32f4xx_hal_gpio.o
 .debug_frame   0x0000000000000368       0x50 ./system/src/stm32f4-hal/stm32f4xx_hal_msp_template.o
 .debug_frame   0x00000000000003b8      0x154 ./system/src/stm32f4-hal/stm32f4xx_hal_rcc.o
 .debug_frame   0x000000000000050c      0x88c ./system/src/stm32f4-hal/stm32f4xx_hal_tim.o
 .debug_frame   0x0000000000000d98      0x370 ./system/src/stm32f4-hal/stm32f4xx_hal_tim_ex.o
 .debug_frame   0x0000000000001108      0x314 ./system/src/stm32f4-hal/stm32f4xx_hal_uart.o
 .debug_frame   0x000000000000141c       0x40 ./system/src/newlib/_exit.o
 .debug_frame   0x000000000000145c       0x80 ./system/src/newlib/_startup.o
 .debug_frame   0x00000000000014dc       0x50 ./system/src/newlib/_syscalls.o
 .debug_frame   0x000000000000152c       0x30 ./system/src/cortexm/_initialize_hardware.o
 .debug_frame   0x000000000000155c       0x20 ./system/src/cortexm/_reset_hardware.o
 .debug_frame   0x000000000000157c       0xf8 ./system/src/cortexm/exception_handlers.o
 .debug_frame   0x0000000000001674       0x30 ./system/src/cmsis/system_stm32f4xx.o
 .debug_frame   0x00000000000016a4       0x20 ./system/src/cmsis/vectors_stm32f4xx.o
 .debug_frame   0x00000000000016c4       0xb0 ./src/Gpio.o
 .debug_frame   0x0000000000001774       0x30 ./src/Seconde.o
 .debug_frame   0x00000000000017a4      0x148 ./src/Uart.o
 .debug_frame   0x00000000000018ec       0x4c ./src/_initialize_hardware.o
 .debug_frame   0x0000000000001938       0xb4 ./src/interrupt.o
 .debug_frame   0x00000000000019ec       0xc0 ./src/main.o
 .debug_frame   0x0000000000001aac      0x108 ./src/timer.o

.debug_str      0x0000000000000000     0x4031
 *(.debug_str)
 .debug_str     0x0000000000000000      0xa15 ./system/src/stm32f4-hal/stm32f4xx_hal.o
                                        0xaad (size before relaxing)
 .debug_str     0x0000000000000a15      0x279 ./system/src/stm32f4-hal/stm32f4xx_hal_cortex.o
                                        0xad3 (size before relaxing)
 .debug_str     0x0000000000000c8e      0x180 ./system/src/stm32f4-hal/stm32f4xx_hal_gpio.o
                                        0x4c9 (size before relaxing)
 .debug_str     0x0000000000000e0e       0x59 ./system/src/stm32f4-hal/stm32f4xx_hal_msp_template.o
                                        0x20d (size before relaxing)
 .debug_str     0x0000000000000e67      0x2c8 ./system/src/stm32f4-hal/stm32f4xx_hal_rcc.o
                                        0x6b2 (size before relaxing)
 .debug_str     0x000000000000112f     0x1091 ./system/src/stm32f4-hal/stm32f4xx_hal_tim.o
                                       0x13d8 (size before relaxing)
 .debug_str     0x00000000000021c0      0x4fb ./system/src/stm32f4-hal/stm32f4xx_hal_tim_ex.o
                                        0xc90 (size before relaxing)
 .debug_str     0x00000000000026bb      0x47e ./system/src/stm32f4-hal/stm32f4xx_hal_uart.o
                                        0xa36 (size before relaxing)
 .debug_str     0x0000000000002b39       0x56 ./system/src/newlib/_exit.o
                                        0x1e0 (size before relaxing)
 .debug_str     0x0000000000002b8f      0x1a9 ./system/src/newlib/_startup.o
                                        0x35b (size before relaxing)
 .debug_str     0x0000000000002d38       0x4d ./system/src/newlib/_syscalls.o
                                        0x200 (size before relaxing)
 .debug_str     0x0000000000002d85       0x4e ./system/src/cortexm/_initialize_hardware.o
                                        0x21a (size before relaxing)
 .debug_str     0x0000000000002dd3       0x28 ./system/src/cortexm/_reset_hardware.o
                                        0x259 (size before relaxing)
 .debug_str     0x0000000000002dfb      0x3b5 ./system/src/cortexm/exception_handlers.o
                                        0x5cf (size before relaxing)
 .debug_str     0x00000000000031b0       0x31 ./system/src/cmsis/system_stm32f4xx.o
                                        0x37c (size before relaxing)
 .debug_str     0x00000000000031e1       0x57 ./system/src/cmsis/vectors_stm32f4xx.o
                                        0x1dc (size before relaxing)
 .debug_str     0x0000000000003238      0x2e9 ./src/Gpio.o
                                        0x4c5 (size before relaxing)
 .debug_str     0x0000000000003521       0x98 ./src/Seconde.o
                                        0x2c9 (size before relaxing)
 .debug_str     0x00000000000035b9      0x654 ./src/Uart.o
                                       0x1736 (size before relaxing)
 .debug_str     0x0000000000003c0d       0x35 ./src/_initialize_hardware.o
                                        0x48e (size before relaxing)
 .debug_str     0x0000000000003c42       0x3d ./src/interrupt.o
                                       0x1138 (size before relaxing)
 .debug_str     0x0000000000003c7f      0x244 ./src/main.o
                                       0x183a (size before relaxing)
 .debug_str     0x0000000000003ec3      0x16e ./src/timer.o
                                       0x14d7 (size before relaxing)

.debug_loc      0x0000000000000000     0x6e38
 *(.debug_loc)
 .debug_loc     0x0000000000000000       0xa8 ./system/src/stm32f4-hal/stm32f4xx_hal.o
 .debug_loc     0x00000000000000a8      0x31e ./system/src/stm32f4-hal/stm32f4xx_hal_cortex.o
 .debug_loc     0x00000000000003c6      0x394 ./system/src/stm32f4-hal/stm32f4xx_hal_gpio.o
 .debug_loc     0x000000000000075a      0x723 ./system/src/stm32f4-hal/stm32f4xx_hal_rcc.o
 .debug_loc     0x0000000000000e7d     0x32b8 ./system/src/stm32f4-hal/stm32f4xx_hal_tim.o
 .debug_loc     0x0000000000004135      0xa3d ./system/src/stm32f4-hal/stm32f4xx_hal_tim_ex.o
 .debug_loc     0x0000000000004b72      0xe90 ./system/src/stm32f4-hal/stm32f4xx_hal_uart.o
 .debug_loc     0x0000000000005a02       0x21 ./system/src/newlib/_exit.o
 .debug_loc     0x0000000000005a23      0x31d ./system/src/newlib/_startup.o
 .debug_loc     0x0000000000005d40       0x63 ./system/src/newlib/_syscalls.o
 .debug_loc     0x0000000000005da3       0xd4 ./system/src/cortexm/exception_handlers.o
 .debug_loc     0x0000000000005e77       0xc8 ./system/src/cmsis/system_stm32f4xx.o
 .debug_loc     0x0000000000005f3f      0x199 ./src/Gpio.o
 .debug_loc     0x00000000000060d8      0x4c1 ./src/Uart.o
 .debug_loc     0x0000000000006599      0x27e ./src/interrupt.o
 .debug_loc     0x0000000000006817      0x12d ./src/main.o
 .debug_loc     0x0000000000006944      0x4f4 ./src/timer.o

.debug_macinfo
 *(.debug_macinfo)

.debug_weaknames
 *(.debug_weaknames)

.debug_funcnames
 *(.debug_funcnames)

.debug_typenames
 *(.debug_typenames)

.debug_varnames
 *(.debug_varnames)
OUTPUT(lll.elf elf32-littlearm)

.debug_ranges   0x0000000000000000      0xc90
 .debug_ranges  0x0000000000000000       0xb0 ./system/src/stm32f4-hal/stm32f4xx_hal.o
 .debug_ranges  0x00000000000000b0      0x118 ./system/src/stm32f4-hal/stm32f4xx_hal_cortex.o
 .debug_ranges  0x00000000000001c8       0x48 ./system/src/stm32f4-hal/stm32f4xx_hal_gpio.o
 .debug_ranges  0x0000000000000210       0x28 ./system/src/stm32f4-hal/stm32f4xx_hal_msp_template.o
 .debug_ranges  0x0000000000000238       0x78 ./system/src/stm32f4-hal/stm32f4xx_hal_rcc.o
 .debug_ranges  0x00000000000002b0      0x3c8 ./system/src/stm32f4-hal/stm32f4xx_hal_tim.o
 .debug_ranges  0x0000000000000678      0x130 ./system/src/stm32f4-hal/stm32f4xx_hal_tim_ex.o
 .debug_ranges  0x00000000000007a8      0x128 ./system/src/stm32f4-hal/stm32f4xx_hal_uart.o
 .debug_ranges  0x00000000000008d0       0x18 ./system/src/newlib/_exit.o
 .debug_ranges  0x00000000000008e8       0x48 ./system/src/newlib/_startup.o
 .debug_ranges  0x0000000000000930       0x20 ./system/src/newlib/_syscalls.o
 .debug_ranges  0x0000000000000950       0x18 ./system/src/cortexm/_initialize_hardware.o
 .debug_ranges  0x0000000000000968       0x10 ./system/src/cortexm/_reset_hardware.o
 .debug_ranges  0x0000000000000978       0x78 ./system/src/cortexm/exception_handlers.o
 .debug_ranges  0x00000000000009f0       0x18 ./system/src/cmsis/system_stm32f4xx.o
 .debug_ranges  0x0000000000000a08       0x10 ./system/src/cmsis/vectors_stm32f4xx.o
 .debug_ranges  0x0000000000000a18       0x48 ./src/Gpio.o
 .debug_ranges  0x0000000000000a60       0x18 ./src/Seconde.o
 .debug_ranges  0x0000000000000a78       0x80 ./src/Uart.o
 .debug_ranges  0x0000000000000af8       0x18 ./src/_initialize_hardware.o
 .debug_ranges  0x0000000000000b10       0x40 ./src/interrupt.o
 .debug_ranges  0x0000000000000b50       0xa8 ./src/main.o
 .debug_ranges  0x0000000000000bf8       0x98 ./src/timer.o
